// Jest Snapshot v1, https://goo.gl/fbAQLP

exports[`areSocketsCompatible: execInput,execInput,0,0 1`] = `false`;

exports[`areSocketsCompatible: execInput,execInput,0,1 1`] = `false`;

exports[`areSocketsCompatible: execInput,execInput,1,0 1`] = `false`;

exports[`areSocketsCompatible: execInput,execInput,1,1 1`] = `false`;

exports[`areSocketsCompatible: execInput,execOutput,0,0 1`] = `true`;

exports[`areSocketsCompatible: execInput,execOutput,0,1 1`] = `false`;

exports[`areSocketsCompatible: execInput,execOutput,1,0 1`] = `false`;

exports[`areSocketsCompatible: execInput,execOutput,1,1 1`] = `false`;

exports[`areSocketsCompatible: execInput,input,0,0 1`] = `false`;

exports[`areSocketsCompatible: execInput,input,0,1 1`] = `false`;

exports[`areSocketsCompatible: execInput,input,1,0 1`] = `false`;

exports[`areSocketsCompatible: execInput,input,1,1 1`] = `false`;

exports[`areSocketsCompatible: execInput,output,0,0 1`] = `false`;

exports[`areSocketsCompatible: execInput,output,0,1 1`] = `false`;

exports[`areSocketsCompatible: execInput,output,1,0 1`] = `false`;

exports[`areSocketsCompatible: execInput,output,1,1 1`] = `false`;

exports[`areSocketsCompatible: execOutput,execInput,0,0 1`] = `true`;

exports[`areSocketsCompatible: execOutput,execInput,0,1 1`] = `false`;

exports[`areSocketsCompatible: execOutput,execInput,1,0 1`] = `false`;

exports[`areSocketsCompatible: execOutput,execInput,1,1 1`] = `false`;

exports[`areSocketsCompatible: execOutput,execOutput,0,0 1`] = `false`;

exports[`areSocketsCompatible: execOutput,execOutput,0,1 1`] = `false`;

exports[`areSocketsCompatible: execOutput,execOutput,1,0 1`] = `false`;

exports[`areSocketsCompatible: execOutput,execOutput,1,1 1`] = `false`;

exports[`areSocketsCompatible: execOutput,input,0,0 1`] = `false`;

exports[`areSocketsCompatible: execOutput,input,0,1 1`] = `false`;

exports[`areSocketsCompatible: execOutput,input,1,0 1`] = `false`;

exports[`areSocketsCompatible: execOutput,input,1,1 1`] = `false`;

exports[`areSocketsCompatible: execOutput,output,0,0 1`] = `false`;

exports[`areSocketsCompatible: execOutput,output,0,1 1`] = `false`;

exports[`areSocketsCompatible: execOutput,output,1,0 1`] = `false`;

exports[`areSocketsCompatible: execOutput,output,1,1 1`] = `false`;

exports[`areSocketsCompatible: input,execInput,0,0 1`] = `false`;

exports[`areSocketsCompatible: input,execInput,0,1 1`] = `false`;

exports[`areSocketsCompatible: input,execInput,1,0 1`] = `false`;

exports[`areSocketsCompatible: input,execInput,1,1 1`] = `false`;

exports[`areSocketsCompatible: input,execOutput,0,0 1`] = `false`;

exports[`areSocketsCompatible: input,execOutput,0,1 1`] = `false`;

exports[`areSocketsCompatible: input,execOutput,1,0 1`] = `false`;

exports[`areSocketsCompatible: input,execOutput,1,1 1`] = `false`;

exports[`areSocketsCompatible: input,input,0,0 1`] = `false`;

exports[`areSocketsCompatible: input,input,0,1 1`] = `false`;

exports[`areSocketsCompatible: input,input,1,0 1`] = `false`;

exports[`areSocketsCompatible: input,input,1,1 1`] = `false`;

exports[`areSocketsCompatible: input,output,0,0 1`] = `true`;

exports[`areSocketsCompatible: input,output,0,1 1`] = `true`;

exports[`areSocketsCompatible: input,output,1,0 1`] = `false`;

exports[`areSocketsCompatible: input,output,1,1 1`] = `false`;

exports[`areSocketsCompatible: output,execInput,0,0 1`] = `false`;

exports[`areSocketsCompatible: output,execInput,0,1 1`] = `false`;

exports[`areSocketsCompatible: output,execInput,1,0 1`] = `false`;

exports[`areSocketsCompatible: output,execInput,1,1 1`] = `false`;

exports[`areSocketsCompatible: output,execOutput,0,0 1`] = `false`;

exports[`areSocketsCompatible: output,execOutput,0,1 1`] = `false`;

exports[`areSocketsCompatible: output,execOutput,1,0 1`] = `false`;

exports[`areSocketsCompatible: output,execOutput,1,1 1`] = `false`;

exports[`areSocketsCompatible: output,input,0,0 1`] = `true`;

exports[`areSocketsCompatible: output,input,0,1 1`] = `false`;

exports[`areSocketsCompatible: output,input,1,0 1`] = `true`;

exports[`areSocketsCompatible: output,input,1,1 1`] = `false`;

exports[`areSocketsCompatible: output,output,0,0 1`] = `false`;

exports[`areSocketsCompatible: output,output,0,1 1`] = `false`;

exports[`areSocketsCompatible: output,output,1,0 1`] = `false`;

exports[`areSocketsCompatible: output,output,1,1 1`] = `false`;

exports[`height: 0,0,0,0 1`] = `50`;

exports[`height: 0,0,0,1 1`] = `80`;

exports[`height: 0,0,0,2 1`] = `110`;

exports[`height: 0,0,1,0 1`] = `80`;

exports[`height: 0,0,1,1 1`] = `80`;

exports[`height: 0,0,1,2 1`] = `110`;

exports[`height: 0,0,2,0 1`] = `110`;

exports[`height: 0,0,2,1 1`] = `110`;

exports[`height: 0,0,2,2 1`] = `110`;

exports[`height: 0,1,0,0 1`] = `80`;

exports[`height: 0,1,0,1 1`] = `110`;

exports[`height: 0,1,0,2 1`] = `140`;

exports[`height: 0,1,1,0 1`] = `80`;

exports[`height: 0,1,1,1 1`] = `110`;

exports[`height: 0,1,1,2 1`] = `140`;

exports[`height: 0,1,2,0 1`] = `110`;

exports[`height: 0,1,2,1 1`] = `110`;

exports[`height: 0,1,2,2 1`] = `140`;

exports[`height: 0,2,0,0 1`] = `110`;

exports[`height: 0,2,0,1 1`] = `140`;

exports[`height: 0,2,0,2 1`] = `170`;

exports[`height: 0,2,1,0 1`] = `110`;

exports[`height: 0,2,1,1 1`] = `140`;

exports[`height: 0,2,1,2 1`] = `170`;

exports[`height: 0,2,2,0 1`] = `110`;

exports[`height: 0,2,2,1 1`] = `140`;

exports[`height: 0,2,2,2 1`] = `170`;

exports[`height: 1,0,0,0 1`] = `80`;

exports[`height: 1,0,0,1 1`] = `80`;

exports[`height: 1,0,0,2 1`] = `110`;

exports[`height: 1,0,1,0 1`] = `110`;

exports[`height: 1,0,1,1 1`] = `110`;

exports[`height: 1,0,1,2 1`] = `110`;

exports[`height: 1,0,2,0 1`] = `140`;

exports[`height: 1,0,2,1 1`] = `140`;

exports[`height: 1,0,2,2 1`] = `140`;

exports[`height: 1,1,0,0 1`] = `80`;

exports[`height: 1,1,0,1 1`] = `110`;

exports[`height: 1,1,0,2 1`] = `140`;

exports[`height: 1,1,1,0 1`] = `110`;

exports[`height: 1,1,1,1 1`] = `110`;

exports[`height: 1,1,1,2 1`] = `140`;

exports[`height: 1,1,2,0 1`] = `140`;

exports[`height: 1,1,2,1 1`] = `140`;

exports[`height: 1,1,2,2 1`] = `140`;

exports[`height: 1,2,0,0 1`] = `110`;

exports[`height: 1,2,0,1 1`] = `140`;

exports[`height: 1,2,0,2 1`] = `170`;

exports[`height: 1,2,1,0 1`] = `110`;

exports[`height: 1,2,1,1 1`] = `140`;

exports[`height: 1,2,1,2 1`] = `170`;

exports[`height: 1,2,2,0 1`] = `140`;

exports[`height: 1,2,2,1 1`] = `140`;

exports[`height: 1,2,2,2 1`] = `170`;

exports[`height: 2,0,0,0 1`] = `110`;

exports[`height: 2,0,0,1 1`] = `110`;

exports[`height: 2,0,0,2 1`] = `110`;

exports[`height: 2,0,1,0 1`] = `140`;

exports[`height: 2,0,1,1 1`] = `140`;

exports[`height: 2,0,1,2 1`] = `140`;

exports[`height: 2,0,2,0 1`] = `170`;

exports[`height: 2,0,2,1 1`] = `170`;

exports[`height: 2,0,2,2 1`] = `170`;

exports[`height: 2,1,0,0 1`] = `110`;

exports[`height: 2,1,0,1 1`] = `110`;

exports[`height: 2,1,0,2 1`] = `140`;

exports[`height: 2,1,1,0 1`] = `140`;

exports[`height: 2,1,1,1 1`] = `140`;

exports[`height: 2,1,1,2 1`] = `140`;

exports[`height: 2,1,2,0 1`] = `170`;

exports[`height: 2,1,2,1 1`] = `170`;

exports[`height: 2,1,2,2 1`] = `170`;

exports[`height: 2,2,0,0 1`] = `110`;

exports[`height: 2,2,0,1 1`] = `140`;

exports[`height: 2,2,0,2 1`] = `170`;

exports[`height: 2,2,1,0 1`] = `140`;

exports[`height: 2,2,1,1 1`] = `140`;

exports[`height: 2,2,1,2 1`] = `170`;

exports[`height: 2,2,2,0 1`] = `170`;

exports[`height: 2,2,2,1 1`] = `170`;

exports[`height: 2,2,2,2 1`] = `170`;

exports[`index tests: execInput,0,0,0,0 1`] = `-1`;

exports[`index tests: execInput,0,0,0,1 1`] = `-1`;

exports[`index tests: execInput,0,0,1,0 1`] = `-1`;

exports[`index tests: execInput,0,0,1,1 1`] = `-1`;

exports[`index tests: execInput,0,1,0,0 1`] = `-1`;

exports[`index tests: execInput,0,1,0,1 1`] = `-1`;

exports[`index tests: execInput,0,1,1,0 1`] = `-1`;

exports[`index tests: execInput,0,1,1,1 1`] = `-1`;

exports[`index tests: execInput,1,0,0,0 1`] = `-1`;

exports[`index tests: execInput,1,0,0,1 1`] = `-1`;

exports[`index tests: execInput,1,0,1,0 1`] = `-1`;

exports[`index tests: execInput,1,0,1,1 1`] = `-1`;

exports[`index tests: execInput,1,1,0,0 1`] = `-1`;

exports[`index tests: execInput,1,1,0,1 1`] = `-1`;

exports[`index tests: execInput,1,1,1,0 1`] = `-1`;

exports[`index tests: execInput,1,1,1,1 1`] = `-1`;

exports[`index tests: execOutput,0,0,0,0 1`] = `-1`;

exports[`index tests: execOutput,0,0,0,1 1`] = `-1`;

exports[`index tests: execOutput,0,0,1,0 1`] = `-1`;

exports[`index tests: execOutput,0,0,1,1 1`] = `-1`;

exports[`index tests: execOutput,0,1,0,0 1`] = `-1`;

exports[`index tests: execOutput,0,1,0,1 1`] = `-1`;

exports[`index tests: execOutput,0,1,1,0 1`] = `-1`;

exports[`index tests: execOutput,0,1,1,1 1`] = `-1`;

exports[`index tests: execOutput,1,0,0,0 1`] = `-1`;

exports[`index tests: execOutput,1,0,0,1 1`] = `-1`;

exports[`index tests: execOutput,1,0,1,0 1`] = `-1`;

exports[`index tests: execOutput,1,0,1,1 1`] = `-1`;

exports[`index tests: execOutput,1,1,0,0 1`] = `-1`;

exports[`index tests: execOutput,1,1,0,1 1`] = `-1`;

exports[`index tests: execOutput,1,1,1,0 1`] = `-1`;

exports[`index tests: execOutput,1,1,1,1 1`] = `-1`;

exports[`index tests: input,0,0,0,0 1`] = `-1`;

exports[`index tests: input,0,0,0,1 1`] = `-1`;

exports[`index tests: input,0,0,1,0 1`] = `0`;

exports[`index tests: input,0,0,1,1 1`] = `0`;

exports[`index tests: input,0,1,0,0 1`] = `-1`;

exports[`index tests: input,0,1,0,1 1`] = `-1`;

exports[`index tests: input,0,1,1,0 1`] = `0`;

exports[`index tests: input,0,1,1,1 1`] = `0`;

exports[`index tests: input,1,0,0,0 1`] = `-1`;

exports[`index tests: input,1,0,0,1 1`] = `-1`;

exports[`index tests: input,1,0,1,0 1`] = `0`;

exports[`index tests: input,1,0,1,1 1`] = `0`;

exports[`index tests: input,1,1,0,0 1`] = `-1`;

exports[`index tests: input,1,1,0,1 1`] = `-1`;

exports[`index tests: input,1,1,1,0 1`] = `0`;

exports[`index tests: input,1,1,1,1 1`] = `0`;

exports[`index tests: output,0,0,0,0 1`] = `-1`;

exports[`index tests: output,0,0,0,1 1`] = `0`;

exports[`index tests: output,0,0,1,0 1`] = `-1`;

exports[`index tests: output,0,0,1,1 1`] = `0`;

exports[`index tests: output,0,1,0,0 1`] = `-1`;

exports[`index tests: output,0,1,0,1 1`] = `0`;

exports[`index tests: output,0,1,1,0 1`] = `-1`;

exports[`index tests: output,0,1,1,1 1`] = `0`;

exports[`index tests: output,1,0,0,0 1`] = `-1`;

exports[`index tests: output,1,0,0,1 1`] = `0`;

exports[`index tests: output,1,0,1,0 1`] = `-1`;

exports[`index tests: output,1,0,1,1 1`] = `0`;

exports[`index tests: output,1,1,0,0 1`] = `-1`;

exports[`index tests: output,1,1,0,1 1`] = `0`;

exports[`index tests: output,1,1,1,0 1`] = `-1`;

exports[`index tests: output,1,1,1,1 1`] = `0`;

exports[`move 1`] = `
Object {
  "_id": "test",
  "code": "cbId",
  "mstPouchType": "Box",
  "name": "hal",
  "sockets": Array [],
  "values": Array [],
  "x": 1,
  "y": 2,
}
`;

exports[`move 2`] = `
Object {
  "_id": "test",
  "code": "cbId",
  "mstPouchType": "Box",
  "name": "hal",
  "sockets": Array [],
  "values": Array [],
  "x": 2,
  "y": 4,
}
`;

exports[`x/y execInput 1`] = `
Object {
  "x": 18,
  "y": 50,
}
`;

exports[`x/y execInput 2`] = `
Object {
  "x": -82,
  "y": 150,
}
`;

exports[`x/y execInput 3`] = `
Object {
  "x": -82,
  "y": 210,
}
`;

exports[`x/y execInput 4`] = `
Object {
  "x": 18,
  "y": 240,
}
`;

exports[`x/y execInput 5`] = `
Object {
  "x": -482,
  "y": 200,
}
`;

exports[`x/y execOutput 1`] = `
Object {
  "x": -18,
  "y": 50,
}
`;

exports[`x/y execOutput 2`] = `
Object {
  "x": -68,
  "y": 150,
}
`;

exports[`x/y execOutput 3`] = `
Object {
  "x": -68,
  "y": 210,
}
`;

exports[`x/y execOutput 4`] = `
Object {
  "x": 2,
  "y": 240,
}
`;

exports[`x/y execOutput 5`] = `
Object {
  "x": -418,
  "y": 200,
}
`;

exports[`x/y input 1`] = `
Object {
  "x": 18,
  "y": 50,
}
`;

exports[`x/y input 2`] = `
Object {
  "x": -82,
  "y": 150,
}
`;

exports[`x/y input 3`] = `
Object {
  "x": -82,
  "y": 210,
}
`;

exports[`x/y input 4`] = `
Object {
  "x": 18,
  "y": 240,
}
`;

exports[`x/y input 5`] = `
Object {
  "x": -482,
  "y": 200,
}
`;

exports[`x/y output 1`] = `
Object {
  "x": -18,
  "y": 50,
}
`;

exports[`x/y output 2`] = `
Object {
  "x": -68,
  "y": 150,
}
`;

exports[`x/y output 3`] = `
Object {
  "x": -68,
  "y": 210,
}
`;

exports[`x/y output 4`] = `
Object {
  "x": 2,
  "y": 240,
}
`;

exports[`x/y output 5`] = `
Object {
  "x": -418,
  "y": 200,
}
`;
